// Jest Snapshot v1, https://goo.gl/fbAQLP

exports[`index or home page should get the route 1`] = `
"<html>

<head>
  <title>Express</title>
  <link rel=\\"stylesheet\\" href=\\"/stylesheets/style.css\\">
</head>

<body>
  <h1>Express</h1>
  <p>Welcome to Express</p>
</body>

</html>
"
`;
