// Jest Snapshot v1, https://goo.gl/fbAQLP

exports[`users api should get the users json response 1`] = `"[{\\"user\\":{\\"id\\":1,\\"name\\":\\"Jane\\",\\"lastname\\":\\"Doe\\"}},{\\"user\\":{\\"id\\":2,\\"name\\":\\"Jon\\",\\"lastname\\":\\"Doe\\"}},{\\"user\\":{\\"id\\":3,\\"name\\":\\"Michael\\",\\"lastname\\":\\"Caine\\"}},{\\"user\\":{\\"id\\":4,\\"name\\":\\"James\\",\\"lastname\\":\\"Bond\\"}},{\\"user\\":{\\"id\\":5,\\"name\\":\\"Robert\\",\\"lastname\\":\\"Plant\\"}},{\\"user\\":{\\"id\\":6,\\"name\\":\\"Jordan\\",\\"lastname\\":\\"Peterson\\"}}]"`;
