// Jest Snapshot v1, https://goo.gl/fbAQLP

exports[`getCourse should get NotFoundError when data does not exist 1`] = `[Error: User 'non-ex-userid' not found with course 'non-ex-client-id']`;

exports[`getCourse should get expected course from the database 1`] = `
Object {
  "courseId": "04473bf9-6ec6-47e9-be92-77b2bba9b606",
  "stats": Object {
    "averageScore": 70,
    "sessionCount": 1,
    "timeStudied": 4,
    "totalModulesStudied": 10,
  },
  "userId": "915a54b7-8220-4c2b-ac03-cc6edda055a5",
}
`;
