// Jest Snapshot v1, https://goo.gl/fbAQLP

exports[`LoadingStatus should be invisible when not loading 1`] = `<div />`;

exports[`LoadingStatus should load default status when no value assigned 1`] = `
<div>
  <div
    class="loader"
  />
</div>
`;
