// Jest Snapshot v1, https://goo.gl/fbAQLP

exports[`MarsRoverImages When retrieving an full response should show one cardslist and four cards 1`] = `
<ul
  style="display: grid; grid-template-columns: repeat(5, 1fr);"
>
  <li
    class="card"
  >
    <img
      alt="669"
      class="thumbnail"
      src="http://mars.jpl.nasa.gov/msl-raw-images/proj/msl/redops/ods/surface/sol/00100/opgs/edr/fcam/FRA_406374643EDR_F0050178FHAZ00301M_.JPG"
    />
  </li>
  <li
    class="card"
  >
    <img
      alt="9487"
      class="thumbnail"
      src="http://mars.jpl.nasa.gov/msl-raw-images/proj/msl/redops/ods/surface/sol/00100/opgs/edr/fcam/FLA_406377515EDR_F0050178FHAZ00302M_.JPG"
    />
  </li>
  <li
    class="card"
  >
    <img
      alt="9488"
      class="thumbnail"
      src="http://mars.jpl.nasa.gov/msl-raw-images/proj/msl/redops/ods/surface/sol/00100/opgs/edr/fcam/FRA_406377515EDR_F0050178FHAZ00302M_.JPG"
    />
  </li>
  <li
    class="card"
  >
    <img
      alt="9489"
      class="thumbnail"
      src="http://mars.jpl.nasa.gov/msl-raw-images/proj/msl/redops/ods/surface/sol/00100/opgs/edr/fcam/FLA_406374643EDR_F0050178FHAZ00301M_.JPG"
    />
  </li>
</ul>
`;

exports[`MarsRoverImages When retrieving an full response should show success alert with zero images loaded 1`] = `
<div
  class="alert success"
>
  <span
    class="closebtn"
  >
    Ã—
  </span>
  Succeeded retrieving '4' photos!
</div>
`;
